CM-E003: 160 runs to execute (0 already complete)
{"run_key": "single-h5-r1", "success": 1, "escaped_errors": 0, "errors_detected": 0, "model_calls": 5, "cost_usd": 0.011267}
{"run_key": "single-h5-r0", "success": 1, "escaped_errors": 0, "errors_detected": 0, "model_calls": 5, "cost_usd": 0.012577}
{"run_key": "reflection-h5-r0", "success": 0, "escaped_errors": 1, "errors_detected": 0, "model_calls": 10, "cost_usd": 0.024096}
{"run_key": "single-h5-r2", "success": 1, "escaped_errors": 0, "errors_detected": 0, "model_calls": 5, "cost_usd": 0.011013}
{"run_key": "corpus_mesh-h5-r1", "success": 1, "escaped_errors": 0, "errors_detected": 0, "model_calls": 10, "cost_usd": 0.023629}
{"run_key": "static_team-h5-r1", "success": 1, "escaped_errors": 0, "errors_detected": 0, "model_calls": 10, "cost_usd": 0.023839}
{"run_key": "reflection-h5-r1", "success": 1, "escaped_errors": 0, "errors_detected": 0, "model_calls": 10, "cost_usd": 0.024479}
{"run_key": "static_team-h5-r0", "success": 1, "escaped_errors": 0, "errors_detected": 1, "model_calls": 11, "cost_usd": 0.028725}
{"run_key": "corpus_mesh-h5-r0", "success": 0, "escaped_errors": 1, "errors_detected": 1, "model_calls": 12, "cost_usd": 0.032129}
{"run_key": "reflection-h5-r2", "success": 1, "escaped_errors": 0, "errors_detected": 0, "model_calls": 10, "cost_usd": 0.023679}
{"run_key": "single-h5-r3", "success": 0, "escaped_errors": 1, "errors_detected": 0, "model_calls": 5, "cost_usd": 0.012698}
{"run_key": "single-h5-r4", "success": 1, "escaped_errors": 0, "errors_detected": 0, "model_calls": 5, "cost_usd": 0.011286}
{"run_key": "static_team-h5-r2", "success": 1, "escaped_errors": 0, "errors_detected": 0, "model_calls": 10, "cost_usd": 0.021581}
{"run_key": "reflection-h5-r3", "success": 1, "escaped_errors": 0, "errors_detected": 2, "model_calls": 10, "cost_usd": 0.026391}
{"run_key": "corpus_mesh-h5-r2", "success": 1, "escaped_errors": 0, "errors_detected": 0, "model_calls": 11, "cost_usd": 0.024115}
{"run_key": "static_team-h5-r3", "success": 1, "escaped_errors": 0, "errors_detected": 0, "model_calls": 10, "cost_usd": 0.026831}
{"run_key": "single-h5-r5", "success": 1, "escaped_errors": 0, "errors_detected": 0, "model_calls": 5, "cost_usd": 0.011332}
{"run_key": "corpus_mesh-h5-r3", "success": 1, "escaped_errors": 0, "errors_detected": 0, "model_calls": 12, "cost_usd": 0.032831}
{"run_key": "reflection-h5-r4", "success": 1, "escaped_errors": 0, "errors_detected": 0, "model_calls": 10, "cost_usd": 0.023952}
{"run_key": "static_team-h5-r4", "success": 1, "escaped_errors": 0, "errors_detected": 0, "model_calls": 10, "cost_usd": 0.022497}
